[    0.000000] Linux version 4.15.0-99-generic (buildd@lcy01-amd64-013) (gcc version 7.5.0 (Ubuntu 7.5.0-3ubuntu1~18.04)) #100-Ubuntu SMP Wed Apr 22 20:32:56 UTC 2020 (Ubuntu 4.15.0-99.100-generic 4.15.18)
[    0.000000] Command line: BOOT_IMAGE=/boot/vmlinuz-4.15.0-99-generic root=LABEL=cloudimg-rootfs ro console=tty1 console=ttyS0
[    0.000000] KERNEL supported cpus:
[    0.000000]   Intel GenuineIntel
[    0.000000]   AMD AuthenticAMD
[    0.000000]   Centaur CentaurHauls
[    0.000000] x86/fpu: Supporting XSAVE feature 0x001: 'x87 floating point registers'
[    0.000000] x86/fpu: Supporting XSAVE feature 0x002: 'SSE registers'
[    0.000000] x86/fpu: Supporting XSAVE feature 0x004: 'AVX registers'
[    0.000000] x86/fpu: xstate_offset[2]:  576, xstate_sizes[2]:  256
[    0.000000] x86/fpu: Enabled xstate features 0x7, context size is 832 bytes, using 'standard' format.
[    0.000000] e820: BIOS-provided physical RAM map:
[    0.000000] BIOS-e820: [mem 0x0000000000000000-0x000000000009fbff] usable
[    0.000000] BIOS-e820: [mem 0x000000000009fc00-0x000000000009ffff] reserved
[    0.000000] BIOS-e820: [mem 0x00000000000f0000-0x00000000000fffff] reserved
[    0.000000] BIOS-e820: [mem 0x0000000000100000-0x000000007ffeffff] usable
[    0.000000] BIOS-e820: [mem 0x000000007fff0000-0x000000007fffffff] ACPI data
[    0.000000] BIOS-e820: [mem 0x00000000fec00000-0x00000000fec00fff] reserved
[    0.000000] BIOS-e820: [mem 0x00000000fee00000-0x00000000fee00fff] reserved
[    0.000000] BIOS-e820: [mem 0x00000000fffc0000-0x00000000ffffffff] reserved
[    0.000000] NX (Execute Disable) protection: active
[    0.000000] SMBIOS 2.5 present.
[    0.000000] DMI: innotek GmbH VirtualBox/VirtualBox, BIOS VirtualBox 12/01/2006
[    0.000000] Hypervisor detected: KVM
[    0.000000] e820: last_pfn = 0x7fff0 max_arch_pfn = 0x400000000
[    0.000000] MTRR: Disabled
[    0.000000] x86/PAT: MTRRs disabled, skipping PAT initialization too.
[    0.000000] CPU MTRRs all blank - virtualized system.
[    0.000000] x86/PAT: Configuration [0-7]: WB  WT  UC- UC  WB  WT  UC- UC  
[    0.000000] found SMP MP-table at [mem 0x0009fff0-0x0009ffff]
[    0.000000] Scanning 1 areas for low memory corruption
[    0.000000] RAMDISK: [mem 0x35a6b000-0x36d2cfff]
[    0.000000] ACPI: Early table checksum verification disabled
[    0.000000] ACPI: RSDP 0x00000000000E0000 000024 (v02 VBOX  )
[    0.000000] ACPI: XSDT 0x000000007FFF0030 00003C (v01 VBOX   VBOXXSDT 00000001 ASL  00000061)
[    0.000000] ACPI: FACP 0x000000007FFF00F0 0000F4 (v04 VBOX   VBOXFACP 00000001 ASL  00000061)
[    0.000000] ACPI: DSDT 0x000000007FFF0470 0022EA (v02 VBOX   VBOXBIOS 00000002 INTL 20190509)
[    0.000000] ACPI: FACS 0x000000007FFF0200 000040
[    0.000000] ACPI: FACS 0x000000007FFF0200 000040
[    0.000000] ACPI: APIC 0x000000007FFF0240 00005C (v02 VBOX   VBOXAPIC 00000001 ASL  00000061)
[    0.000000] ACPI: SSDT 0x000000007FFF02A0 0001CC (v01 VBOX   VBOXCPUT 00000002 INTL 20190509)
[    0.000000] No NUMA configuration found
[    0.000000] Faking a node at [mem 0x0000000000000000-0x000000007ffeffff]
[    0.000000] NODE_DATA(0) allocated [mem 0x7ffc5000-0x7ffeffff]
[    0.000000] kvm-clock: cpu 0, msr 0:7ff44001, primary cpu clock
[    0.000000] kvm-clock: Using msrs 4b564d01 and 4b564d00
[    0.000000] kvm-clock: using sched offset of 3570479983 cycles
[    0.000000] clocksource: kvm-clock: mask: 0xffffffffffffffff max_cycles: 0x1cd42e4dffb, max_idle_ns: 881590591483 ns
[    0.000000] Zone ranges:
[    0.000000]   DMA      [mem 0x0000000000001000-0x0000000000ffffff]
[    0.000000]   DMA32    [mem 0x0000000001000000-0x000000007ffeffff]
[    0.000000]   Normal   empty
[    0.000000]   Device   empty
[    0.000000] Movable zone start for each node
[    0.000000] Early memory node ranges
[    0.000000]   node   0: [mem 0x0000000000001000-0x000000000009efff]
[    0.000000]   node   0: [mem 0x0000000000100000-0x000000007ffeffff]
[    0.000000] Reserved but unavailable: 98 pages
[    0.000000] Initmem setup node 0 [mem 0x0000000000001000-0x000000007ffeffff]
[    0.000000] ACPI: PM-Timer IO Port: 0x4008
[    0.000000] IOAPIC[0]: apic_id 2, version 32, address 0xfec00000, GSI 0-23
[    0.000000] ACPI: INT_SRC_OVR (bus 0 bus_irq 0 global_irq 2 dfl dfl)
[    0.000000] ACPI: INT_SRC_OVR (bus 0 bus_irq 9 global_irq 9 low level)
[    0.000000] Using ACPI (MADT) for SMP configuration information
[    0.000000] smpboot: Allowing 2 CPUs, 0 hotplug CPUs
[    0.000000] PM: Registered nosave memory: [mem 0x00000000-0x00000fff]
[    0.000000] PM: Registered nosave memory: [mem 0x0009f000-0x0009ffff]
[    0.000000] PM: Registered nosave memory: [mem 0x000a0000-0x000effff]
[    0.000000] PM: Registered nosave memory: [mem 0x000f0000-0x000fffff]
[    0.000000] e820: [mem 0x80000000-0xfebfffff] available for PCI devices
[    0.000000] Booting paravirtualized kernel on KVM
[    0.000000] clocksource: refined-jiffies: mask: 0xffffffff max_cycles: 0xffffffff, max_idle_ns: 7645519600211568 ns
[    0.000000] random: get_random_bytes called from start_kernel+0x99/0x4fd with crng_init=0
[    0.000000] setup_percpu: NR_CPUS:8192 nr_cpumask_bits:2 nr_cpu_ids:2 nr_node_ids:1
[    0.000000] percpu: Embedded 45 pages/cpu s147456 r8192 d28672 u1048576
[    0.000000] PV qspinlock hash table entries: 256 (order: 0, 4096 bytes)
[    0.000000] Built 1 zonelists, mobility grouping on.  Total pages: 515961
[    0.000000] Policy zone: DMA32
[    0.000000] Kernel command line: BOOT_IMAGE=/boot/vmlinuz-4.15.0-99-generic root=LABEL=cloudimg-rootfs ro console=tty1 console=ttyS0
[    0.000000] Memory: 2015252K/2096696K available (12300K kernel code, 2481K rwdata, 4268K rodata, 2432K init, 2712K bss, 81444K reserved, 0K cma-reserved)
[    0.000000] SLUB: HWalign=64, Order=0-3, MinObjects=0, CPUs=2, Nodes=1
[    0.000000] Kernel/User page tables isolation: enabled
[    0.000000] ftrace: allocating 39364 entries in 154 pages
[    0.004000] Hierarchical RCU implementation.
[    0.004000] 	RCU restricting CPUs from NR_CPUS=8192 to nr_cpu_ids=2.
[    0.004000] 	Tasks RCU enabled.
[    0.004000] RCU: Adjusting geometry for rcu_fanout_leaf=16, nr_cpu_ids=2
[    0.004000] NR_IRQS: 524544, nr_irqs: 440, preallocated irqs: 16
[    0.004000] Console: colour VGA+ 80x25
[    0.004000] console [tty1] enabled
[    0.004000] console [ttyS0] enabled
[    0.004000] ACPI: Core revision 20170831
[    0.004000] ACPI: 2 ACPI AML tables successfully acquired and loaded
[    0.004000] APIC: Switch to symmetric I/O mode setup
[    0.004000] x2apic enabled
[    0.004000] Switched APIC routing to physical x2apic.
[    0.004000] ..TIMER: vector=0x30 apic1=0 pin1=2 apic2=-1 pin2=-1
[    0.004006] tsc: Detected 2194.918 MHz processor
[    0.005024] Calibrating delay loop (skipped) preset value.. 4389.83 BogoMIPS (lpj=8779672)
[    0.005759] pid_max: default: 32768 minimum: 301
[    0.008043] Security Framework initialized
[    0.008902] Yama: becoming mindful.
[    0.009703] AppArmor: AppArmor initialized
[    0.013097] Dentry cache hash table entries: 262144 (order: 9, 2097152 bytes)
[    0.015241] Inode-cache hash table entries: 131072 (order: 8, 1048576 bytes)
[    0.016025] Mount-cache hash table entries: 4096 (order: 3, 32768 bytes)
[    0.017394] Mountpoint-cache hash table entries: 4096 (order: 3, 32768 bytes)
[    0.019044] Last level iTLB entries: 4KB 64, 2MB 8, 4MB 8
[    0.020003] Last level dTLB entries: 4KB 64, 2MB 0, 4MB 0, 1GB 4
[    0.021073] Spectre V1 : Mitigation: usercopy/swapgs barriers and __user pointer sanitization
[    0.022676] Spectre V2 : Mitigation: Full generic retpoline
[    0.024002] Spectre V2 : Spectre v2 / SpectreRSB mitigation: Filling RSB on context switch
[    0.025661] Speculative Store Bypass: Vulnerable
[    0.026697] MDS: Mitigation: Clear CPU buffers
[    0.028165] Freeing SMP alternatives memory: 36K
[    0.139714] smpboot: CPU0: Intel(R) Core(TM) i5-5200U CPU @ 2.20GHz (family: 0x6, model: 0x3d, stepping: 0x4)
[    0.140000] Performance Events: unsupported p6 CPU model 61 no PMU driver, software events only.
[    0.140041] Hierarchical SRCU implementation.
[    0.141619] NMI watchdog: Perf event create on CPU 0 failed with -2
[    0.142881] NMI watchdog: Perf NMI watchdog permanently disabled
[    0.144053] smp: Bringing up secondary CPUs ...
[    0.145108] x86: Booting SMP configuration:
[    0.145987] .... node  #0, CPUs:      #1
[    0.004000] kvm-clock: cpu 1, msr 0:7ff44041, secondary cpu clock
[    0.150101] smp: Brought up 1 node, 2 CPUs
[    0.150101] smpboot: Max logical packages: 1
[    0.152006] smpboot: Total of 2 processors activated (8779.67 BogoMIPS)
[    0.153535] devtmpfs: initialized
[    0.153535] x86/mm: Memory block size: 128MB
[    0.153949] evm: security.selinux
[    0.156004] evm: security.SMACK64
[    0.156745] evm: security.SMACK64EXEC
[    0.157567] evm: security.SMACK64TRANSMUTE
[    0.158455] evm: security.SMACK64MMAP
[    0.159273] evm: security.apparmor
[    0.160003] evm: security.ima
[    0.160700] evm: security.capability
[    0.161535] clocksource: jiffies: mask: 0xffffffff max_cycles: 0xffffffff, max_idle_ns: 7645041785100000 ns
[    0.164025] futex hash table entries: 512 (order: 3, 32768 bytes)
[    0.165337] pinctrl core: initialized pinctrl subsystem
[    0.166553] RTC time:  9:21:53, date: 05/08/20
[    0.168186] NET: Registered protocol family 16
[    0.169185] audit: initializing netlink subsys (disabled)
[    0.170343] audit: type=2000 audit(1588929719.385:1): state=initialized audit_enabled=0 res=1
[    0.172012] cpuidle: using governor ladder
[    0.172893] cpuidle: using governor menu
[    0.173817] ACPI: bus type PCI registered
[    0.174661] acpiphp: ACPI Hot Plug PCI Controller Driver version: 0.5
[    0.176097] PCI: Using configuration type 1 for base access
[    0.180066] HugeTLB registered 2.00 MiB page size, pre-allocated 0 pages
[    0.181422] ACPI: Added _OSI(Module Device)
[    0.181422] ACPI: Added _OSI(Processor Device)
[    0.184005] ACPI: Added _OSI(3.0 _SCP Extensions)
[    0.185050] ACPI: Added _OSI(Processor Aggregator Device)
[    0.186209] ACPI: Added _OSI(Linux-Dell-Video)
[    0.187159] ACPI: Added _OSI(Linux-Lenovo-NV-HDMI-Audio)
[    0.188010] ACPI: Added _OSI(Linux-HPI-Hybrid-Graphics)
[    0.189377] ACPI: Executed 1 blocks of module-level executable AML code
[    0.194810] ACPI: Interpreter enabled
[    0.195619] ACPI: (supports S0 S5)
[    0.196004] ACPI: Using IOAPIC for interrupt routing
[    0.197267] PCI: Using host bridge windows from ACPI; if necessary, use "pci=nocrs" and report a bug
[    0.199336] ACPI: Enabled 2 GPEs in block 00 to 07
[    0.206539] ACPI: PCI Root Bridge [PCI0] (domain 0000 [bus 00-ff])
[    0.207820] acpi PNP0A03:00: _OSC: OS supports [ASPM ClockPM Segments MSI]
[    0.208522] acpi PNP0A03:00: _OSC: not requesting OS control; OS requires [ExtendedConfig ASPM ClockPM MSI]
[    0.210526] acpi PNP0A03:00: fail to add MMCONFIG information, can't access extended PCI configuration space under this bridge.
[    0.212377] PCI host bridge to bus 0000:00
[    0.213229] pci_bus 0000:00: root bus resource [io  0x0000-0x0cf7 window]
[    0.216004] pci_bus 0000:00: root bus resource [io  0x0d00-0xffff window]
[    0.217350] pci_bus 0000:00: root bus resource [mem 0x000a0000-0x000bffff window]
[    0.218948] pci_bus 0000:00: root bus resource [mem 0x80000000-0xfdffffff window]
[    0.220003] pci_bus 0000:00: root bus resource [bus 00-ff]
[    0.224220] pci 0000:00:01.1: legacy IDE quirk: reg 0x10: [io  0x01f0-0x01f7]
[    0.225679] pci 0000:00:01.1: legacy IDE quirk: reg 0x14: [io  0x03f6]
[    0.227019] pci 0000:00:01.1: legacy IDE quirk: reg 0x18: [io  0x0170-0x0177]
[    0.228003] pci 0000:00:01.1: legacy IDE quirk: reg 0x1c: [io  0x0376]
[    0.263063] pci 0000:00:07.0: quirk: [io  0x4000-0x403f] claimed by PIIX4 ACPI
[    0.264018] pci 0000:00:07.0: quirk: [io  0x4100-0x410f] claimed by PIIX4 SMB
[    0.285988] ACPI: PCI Interrupt Link [LNKA] (IRQs 5 9 10 *11)
[    0.288317] ACPI: PCI Interrupt Link [LNKB] (IRQs 5 9 *10 11)
[    0.289703] ACPI: PCI Interrupt Link [LNKC] (IRQs 5 *9 10 11)
[    0.291144] ACPI: PCI Interrupt Link [LNKD] (IRQs 5 9 10 *11)
[    0.292532] SCSI subsystem initialized
[    0.293477] pci 0000:00:02.0: vgaarb: setting as boot VGA device
[    0.293477] pci 0000:00:02.0: vgaarb: VGA device added: decodes=io+mem,owns=io+mem,locks=none
[    0.296017] pci 0000:00:02.0: vgaarb: bridge control possible
[    0.297433] vgaarb: loaded
[    0.298046] ACPI: bus type USB registered
[    0.300027] usbcore: registered new interface driver usbfs
[    0.301099] usbcore: registered new interface driver hub
[    0.302142] usbcore: registered new device driver usb
[    0.303198] EDAC MC: Ver: 3.0.0
[    0.304254] PCI: Using ACPI for IRQ routing
[    0.305181] NetLabel: Initializing
[    0.305938] NetLabel:  domain hash size = 128
[    0.306822] NetLabel:  protocols = UNLABELED CIPSOv4 CALIPSO
[    0.308028] NetLabel:  unlabeled traffic allowed by default
[    0.309140] clocksource: Switched to clocksource kvm-clock
[    0.322105] VFS: Disk quotas dquot_6.6.0
[    0.323139] VFS: Dquot-cache hash table entries: 512 (order 0, 4096 bytes)
[    0.324762] AppArmor: AppArmor Filesystem Enabled
[    0.325836] pnp: PnP ACPI init
[    0.327610] pnp: PnP ACPI: found 3 devices
[    0.338372] clocksource: acpi_pm: mask: 0xffffff max_cycles: 0xffffff, max_idle_ns: 2085701024 ns
[    0.340659] NET: Registered protocol family 2
[    0.342228] TCP established hash table entries: 16384 (order: 5, 131072 bytes)
[    0.344150] TCP bind hash table entries: 16384 (order: 6, 262144 bytes)
[    0.345789] TCP: Hash tables configured (established 16384 bind 16384)
[    0.348113] UDP hash table entries: 1024 (order: 3, 32768 bytes)
[    0.349201] UDP-Lite hash table entries: 1024 (order: 3, 32768 bytes)
[    0.350472] NET: Registered protocol family 1
[    0.351318] pci 0000:00:00.0: Limiting direct PCI/PCI transfers
[    0.352462] pci 0000:00:01.0: Activating ISA DMA hang workarounds
[    0.353640] pci 0000:00:02.0: Video device with shadowed ROM at [mem 0x000c0000-0x000dffff]
[    0.355932] Unpacking initramfs...
[    0.651624] Freeing initrd memory: 19208K
[    0.652709] clocksource: tsc: mask: 0xffffffffffffffff max_cycles: 0x1fa37202099, max_idle_ns: 440795206796 ns
[    0.654893] platform rtc_cmos: registered platform RTC device (no PNP device found)
[    0.656757] Scanning for low memory corruption every 60 seconds
[    0.658803] Initialise system trusted keyrings
[    0.659822] Key type blacklist registered
[    0.660904] workingset: timestamp_bits=36 max_order=19 bucket_order=0
[    0.663410] zbud: loaded
[    0.664678] squashfs: version 4.0 (2009/01/31) Phillip Lougher
[    0.666163] fuse init (API version 7.26)
[    0.669719] Key type asymmetric registered
[    0.670657] Asymmetric key parser 'x509' registered
[    0.671768] Block layer SCSI generic (bsg) driver version 0.4 loaded (major 246)
[    0.673287] io scheduler noop registered
[    0.673998] io scheduler deadline registered
[    0.674808] io scheduler cfq registered (default)
[    0.675968] ACPI: AC Adapter [AC] (on-line)
[    0.676880] input: Power Button as /devices/LNXSYSTM:00/LNXPWRBN:00/input/input0
[    0.678381] ACPI: Power Button [PWRF]
[    0.679157] input: Sleep Button as /devices/LNXSYSTM:00/LNXSLPBN:00/input/input1
[    0.680563] ACPI: Sleep Button [SLPF]
[    0.682336] ACPI: Battery Slot [BAT0] (battery present)
[    0.683365] Serial: 8250/16550 driver, 32 ports, IRQ sharing enabled
[    0.705196] 00:02: ttyS0 at I/O 0x3f8 (irq = 4, base_baud = 115200) is a 16550A
[    0.709844] Linux agpgart interface v0.103
[    0.713048] loop: module loaded
[    0.714325] scsi host0: ata_piix
[    0.715264] scsi host1: ata_piix
[    0.715956] ata1: PATA max UDMA/33 cmd 0x1f0 ctl 0x3f6 bmdma 0xd000 irq 14
[    0.717464] ata2: PATA max UDMA/33 cmd 0x170 ctl 0x376 bmdma 0xd008 irq 15
[    0.719023] libphy: Fixed MDIO Bus: probed
[    0.719940] tun: Universal TUN/TAP device driver, 1.6
[    0.721195] PPP generic driver version 2.4.2
[    0.722211] ehci_hcd: USB 2.0 'Enhanced' Host Controller (EHCI) Driver
[    0.723594] ehci-pci: EHCI PCI platform driver
[    0.724619] ehci-platform: EHCI generic platform driver
[    0.725706] ohci_hcd: USB 1.1 'Open' Host Controller (OHCI) Driver
[    0.726986] ohci-pci: OHCI PCI platform driver
[    0.727912] ohci-platform: OHCI generic platform driver
[    0.729032] uhci_hcd: USB Universal Host Controller Interface driver
[    0.730348] i8042: PNP: PS/2 Controller [PNP0303:PS2K,PNP0f03:PS2M] at 0x60,0x64 irq 1,12
[    0.732594] serio: i8042 KBD port at 0x60,0x64 irq 1
[    0.733669] serio: i8042 AUX port at 0x60,0x64 irq 12
[    0.734972] mousedev: PS/2 mouse device common for all mice
[    0.736799] input: AT Translated Set 2 keyboard as /devices/platform/i8042/serio0/input/input2
[    0.738911] rtc_cmos rtc_cmos: rtc core: registered rtc_cmos as rtc0
[    0.740311] rtc_cmos rtc_cmos: alarms up to one day, 114 bytes nvram
[    0.741587] i2c /dev entries driver
[    0.742384] device-mapper: uevent: version 1.0.3
[    0.743494] device-mapper: ioctl: 4.37.0-ioctl (2017-09-20) initialised: dm-devel@redhat.com
[    0.745346] ledtrig-cpu: registered to indicate activity on CPUs
[    0.747055] NET: Registered protocol family 10
[    0.752176] Segment Routing with IPv6
[    0.753111] NET: Registered protocol family 17
[    0.754184] Key type dns_resolver registered
[    0.755459] mce: Using 0 MCE banks
[    0.756306] RAS: Correctable Errors collector initialized.
[    0.757461] sched_clock: Marking stable (756267027, 0)->(930582058, -174315031)
[    0.759583] registered taskstats version 1
[    0.760499] Loading compiled-in X.509 certificates
[    0.764244] Loaded X.509 cert 'Build time autogenerated kernel key: 7480108fe56bba9284001dfb9078560125be4684'
[    0.766417] zswap: loaded using pool lzo/zbud
[    0.772559] Key type big_key registered
[    0.773496] Key type trusted registered
[    0.777442] Key type encrypted registered
[    0.778597] AppArmor: AppArmor sha1 policy hashing enabled
[    0.779998] ima: No TPM chip found, activating TPM-bypass! (rc=-19)
[    0.781608] ima: Allocated hash algorithm: sha1
[    0.782887] evm: HMAC attrs: 0x1
[    0.784232]   Magic number: 4:370:373
[    0.785280] vc vcsa1: hash matches
[    0.786340] rtc_cmos rtc_cmos: setting system clock to 2020-05-08 09:21:54 UTC (1588929714)
[    0.788708] BIOS EDD facility v0.16 2004-Jun-25, 0 devices found
[    0.790244] EDD information not available.
[    0.881983] Freeing unused kernel image memory: 2432K
[    0.897030] Write protecting the kernel read-only data: 20480k
[    0.899949] Freeing unused kernel image memory: 2008K
[    0.902918] Freeing unused kernel image memory: 1876K
[    0.914792] x86/mm: Checked W+X mappings: passed, no W+X pages found.
[    0.916136] x86/mm: Checking user space page tables
[    0.923866] x86/mm: Checked W+X mappings: passed, no W+X pages found.
Loading, please wait...
starting version 237
[    0.995774] e1000: Intel(R) PRO/1000 Network Driver - version 7.3.21-k8-NAPI
[    0.997485] e1000: Copyright (c) 1999-2006 Intel Corporation.
[    1.005868] Fusion MPT base driver 3.04.20
[    1.006726] Copyright (c) 1999-2008 LSI Corporation
[    1.023690] Fusion MPT SPI Host driver 3.04.20
[    1.030243] AVX2 version of gcm_enc/dec engaged.
[    1.031185] AES CTR mode by8 optimization enabled
[    1.214993] input: ImExPS/2 Generic Explorer Mouse as /devices/platform/i8042/serio1/input/input4
[    1.377329] e1000 0000:00:03.0 eth0: (PCI:33MHz:32-bit) 02:2b:21:86:a5:be
[    1.378663] e1000 0000:00:03.0 eth0: Intel(R) PRO/1000 Network Connection
[    1.380963] mptbase: ioc0: Initiating bringup
[    1.476904] ioc0: LSI53C1030 A0: Capabilities={Initiator}
[    1.725082] scsi host2: ioc0: LSI53C1030 A0, FwRev=00000000h, Ports=1, MaxQ=256, IRQ=20
[    1.896446] scsi 2:0:0:0: Direct-Access     VBOX     HARDDISK         1.0  PQ: 0 ANSI: 5
[    1.928087] scsi target2:0:0: Beginning Domain Validation
[    1.930922] scsi target2:0:0: Domain Validation skipping write tests
[    1.932606] scsi target2:0:0: Ending Domain Validation
[    1.943596] scsi target2:0:0: asynchronous
[    1.960181] scsi 2:0:1:0: Direct-Access     VBOX     HARDDISK         1.0  PQ: 0 ANSI: 5
[    1.992208] scsi target2:0:1: Beginning Domain Validation
[    2.008938] random: fast init done
[    2.009985] scsi target2:0:1: Domain Validation skipping write tests
[    2.011457] scsi target2:0:1: Ending Domain Validation
[    2.012757] scsi target2:0:1: asynchronous
[    2.017813] random: systemd-udevd: uninitialized urandom read (16 bytes read)
[    2.019471] random: systemd-udevd: uninitialized urandom read (16 bytes read)
[    2.021144] random: systemd-udevd: uninitialized urandom read (16 bytes read)
[    2.023025] sd 2:0:0:0: Attached scsi generic sg0 type 0
[    2.024527] sd 2:0:1:0: Attached scsi generic sg1 type 0
[    2.034814] sd 2:0:1:0: [sdb] 20480 512-byte logical blocks: (10.5 MB/10.0 MiB)
[    2.036190] sd 2:0:0:0: [sda] 20971520 512-byte logical blocks: (10.7 GB/10.0 GiB)
[    2.037863] sd 2:0:1:0: [sdb] Write Protect is off
[    2.039007] sd 2:0:0:0: [sda] Write Protect is off
[    2.040276] sd 2:0:0:0: [sda] Incomplete mode parameter data
[    2.041561] sd 2:0:0:0: [sda] Assuming drive cache: write through
[    2.042947] sd 2:0:1:0: [sdb] Incomplete mode parameter data
[    2.044279] sd 2:0:1:0: [sdb] Assuming drive cache: write through
[    2.049089]  sda: sda1
[    2.050877] sd 2:0:1:0: [sdb] Attached SCSI disk
[    2.053094] sd 2:0:0:0: [sda] Attached SCSI disk
[    2.297211] e1000 0000:00:08.0 eth1: (PCI:33MHz:32-bit) 08:00:27:6b:d1:f6
[    2.298488] e1000 0000:00:08.0 eth1: Intel(R) PRO/1000 Network Connection
[    2.301015] e1000 0000:00:08.0 enp0s8: renamed from eth1
[    2.316421] e1000 0000:00:03.0 enp0s3: renamed from eth0
Begin: Loading essential drivers ... [    3.804040] raid6: sse2x1   gen()  8873 MB/s
[    3.852036] raid6: sse2x1   xor()  6168 MB/s
[    3.900034] raid6: sse2x2   gen() 10759 MB/s
[    3.948030] raid6: sse2x2   xor()  6692 MB/s
[    3.996034] raid6: sse2x4   gen() 12513 MB/s
[    4.044035] raid6: sse2x4   xor()  7256 MB/s
[    4.092016] raid6: avx2x1   gen() 17110 MB/s
[    4.140015] raid6: avx2x1   xor() 11527 MB/s
[    4.188037] raid6: avx2x2   gen() 17913 MB/s
[    4.236032] raid6: avx2x2   xor()  8245 MB/s
[    4.284041] raid6: avx2x4   gen() 22004 MB/s
[    4.332034] raid6: avx2x4   xor() 14914 MB/s
[    4.333000] raid6: using algorithm avx2x4 gen() 22004 MB/s
[    4.334108] raid6: .... xor() 14914 MB/s, rmw enabled
[    4.335167] raid6: using avx2x2 recovery algorithm
[    4.337751] xor: automatically using best checksumming function   avx       
[    4.340781] async_tx: api initialized (async)
done.
Begin: Running /scripts/init-premount ... done.
Begin: Mounting root file system ... Begin: Running /scripts/local-top ... done.
Begin: Running /scripts/local-premount ... [    4.393865] Btrfs loaded, crc32c=crc32c-intel
Scanning for Btrfs filesystems
done.
Warning: fsck not present, so skipping root file system
[    4.433396] EXT4-fs (sda1): mounted filesystem with ordered data mode. Opts: (null)
done.
Begin: Running /scripts/local-bottom ... done.
Begin: Running /scripts/init-bottom ... done.
[    4.670198] ip_tables: (C) 2000-2006 Netfilter Core Team
[    4.681410] systemd[1]: systemd 237 running in system mode. (+PAM +AUDIT +SELINUX +IMA +APPARMOR +SMACK +SYSVINIT +UTMP +LIBCRYPTSETUP +GCRYPT +GNUTLS +ACL +XZ +LZ4 +SECCOMP +BLKID +ELFUTILS +KMOD -IDN2 +IDN -PCRE2 default-hierarchy=hybrid)
[    4.686209] systemd[1]: Detected virtualization oracle.
[    4.687430] systemd[1]: Detected architecture x86-64.

Welcome to [1mUbuntu 18.04.4 LTS[0m!

[    4.695055] systemd[1]: Set hostname to <ubuntu>.
[    4.699665] systemd[1]: Initializing machine ID from random generator.
[    4.701363] systemd[1]: Installed transient /etc/machine-id file.
[    5.029128] systemd[1]: Reached target Swap.
[[0;32m  OK  [0m] Reached target Swap.
[    5.033119] systemd[1]: Set up automount Arbitrary Executable File Formats File System Automount Point.
[[0;32m  OK  [0m] Set up automount Arbitrary Executabâ€¦rmats File System Automount Point.
[    5.038349] systemd[1]: Started Forward Password Requests to Wall Directory Watch.
[[0;32m  OK  [0m] Started Forward Password Requests to Wall Directory Watch.
[    5.045392] systemd[1]: Created slice User and Session Slice.
[[0;32m  OK  [0m] Created slice User and Session Slice.
[[0;32m  OK  [0m] Reached target User and Group Name Lookups.
[[0;32m  OK  [0m] Created slice System Slice.
[[0;32m  OK  [0m] Listening on Journal Audit Socket.
[[0;32m  OK  [0m] Reached target Slices.
[[0;32m  OK  [0m] Listening on Syslog Socket.
[[0;32m  OK  [0m] Listening on udev Control Socket.
[[0;32m  OK  [0m] Listening on LVM2 poll daemon socket.
[[0;32m  OK  [0m] Listening on Device-mapper event daemon FIFOs.
[[0;32m  OK  [0m] Listening on /dev/initctl Compatibility Named Pipe.
[[0;32m  OK  [0m] Listening on Journal Socket.
         Starting Create list of required stâ€¦ce nodes for the current kernel...
         Mounting Huge Pages File System...
         Starting Uncomplicated firewall...
         Starting Set the console keyboard layout...
[[0;32m  OK  [0m] Listening on Network Service Netlink Socket.
[[0;32m  OK  [0m] Listening on LVM2 metadata daemon socket.
         Starting Monitoring of LVM2 mirrorsâ€¦ng dmeventd or progress polling...
         Starting Load Kernel Modules...
[[0;32m  OK  [0m] Listening on Journal Socket (/dev/log).
         Starting Journal Service...
[[0;32m  OK  [0m] Listening on udev Kernel Socket.
         Starting udev Coldplug all Devices...
         Mounting POSIX Message Queue File System...
[[0;32m  OK  [0m] Created slice system-serial\x2dgetty.slice.
         Mounting Kernel Debug File System...
         Starting Remount Root and Kernel File Systems...
[[0;32m  OK  [0m] Reached target System Time Synchronized.
[[0;32m  OK  [0m] Started Create list of required staâ€¦vice nodes for the current kernel.
[[0;32m  OK  [0m] Mounted Huge Pages File System.
[[0;32m  OK  [0m] Started Uncomplicated firewall.
[[0;32m  OK  [0m] Mounted POSIX Message Queue File System.
[[0;32m  OK  [0m] Mounted Kernel Debug File System.
[[0;32m  OK  [0m] Started LVM2 metadata daemon.
         Starting Create Static Device Nodes in /dev...
[    5.188117] Loading iSCSI transport class v2.0-870.
[    5.195360] iscsi: registered transport (tcp)
[[0;32m  OK  [0m] Started Journal Service.
[[0;32m  OK  [0m] Started udev Coldplug all Devices.
[[0;32m  OK  [0m] Started Create Static Device Nodes in /dev.
[    5.298369] EXT4-fs (sda1): re-mounted. Opts: (null)
[[0;32m  OK  [0m] Started Remount Root and Kernel File Systems.
         Starting Flush Journal to Persistent Storage...
         Starting udev Kernel Device Manager...
         Starting Load/Save Random Seed...
[[0;32m  OK  [0m] Started Monitoring of LVM2 mirrors,â€¦sing dmeventd or progress polling.
[    5.333719] iscsi: registered transport (iser)
[[0;32m  OK  [0m] Started Load Kernel Modules.
         Starting Apply Kernel Variables...
         Mounting FUSE Control File System...
         Mounting Kernel Configuration File System...
[[0;32m  OK  [0m] Mounted FUSE Control File System.
[[0;32m  OK  [0m] Mounted Kernel Configuration File System.
[    5.363657] systemd-journald[404]: Received request to flush runtime journal from PID 1
[[0;32m  OK  [0m] Started Load/Save Random Seed.
[[0;32m  OK  [0m] Started Set the console keyboard layout.
[[0;32m  OK  [0m] Reached target Local File Systems (Pre).
[[0;32m  OK  [0m] Reached target Local File Systems.
         Starting Commit a transient machine-id on disk...
         Starting ebtables ruleset management...
         Starting Set console font and keymap...
         Starting Tell Plymouth To Write Out Runtime Data...
         Starting AppArmor initialization...
[[0;32m  OK  [0m] Started udev Kernel Device Manager.
[[0;32m  OK  [0m] Started Dispatch Password Requests to Console Directory Watch.
[[0;32m  OK  [0m] Reached target Local Encrypted Volumes.
[[0;32m  OK  [0m] Started Apply Kernel Variables.
[[0;32m  OK  [0m] Started Set console font and keymap.
[[0;32m  OK  [0m] Started Tell Plymouth To Write Out Runtime Data.
[[0;32m  OK  [0m] Started Flush Journal to Persistent Storage.
         Starting Create Volatile Files and Directories...
[[0;32m  OK  [0m] Started Commit a transient machine-id on disk.
[[0;32m  OK  [0m] Started Create Volatile Files and Directories.
         Starting Update UTMP about System Boot/Shutdown...
[[0;32m  OK  [0m] Started Update UTMP about System Boot/Shutdown.
[[0;32m  OK  [0m] Started ebtables ruleset management.
[[0;32m  OK  [0m] Found device /dev/ttyS0.
[[0;32m  OK  [0m] Listening on Load/Save RF Kill Switch Status /dev/rfkill Watch.
[[0;32m  OK  [0m] Started AppArmor initialization.
         Starting Initial cloud-init job (pre-networking)...
[    8.210985] cloud-init[554]: Cloud-init v. 19.4-33-gbb4131a2-0ubuntu1~18.04.1 running 'init-local' at Fri, 08 May 2020 09:22:01 +0000. Up 7.75 seconds.
[[0;32m  OK  [0m] Started Initial cloud-init job (pre-networking).
[[0;32m  OK  [0m] Reached target Network (Pre).
         Starting Network Service...
[[0;32m  OK  [0m] Started Network Service.
         Starting Wait for Network to be Configured...
         Starting Network Name Resolution...
[[0;32m  OK  [0m] Started Network Name Resolution.
[[0;32m  OK  [0m] Reached target Host and Network Name Lookups.
[[0;32m  OK  [0m] Reached target Network.
[[0;32m  OK  [0m] Started Wait for Network to be Configured.
         Starting Initial cloud-init job (metadata service crawler)...
[   10.802705] cloud-init[666]: Cloud-init v. 19.4-33-gbb4131a2-0ubuntu1~18.04.1 running 'init' at Fri, 08 May 2020 09:22:04 +0000. Up 10.60 seconds.
[   10.805858] cloud-init[666]: ci-info: ++++++++++++++++++++++++++++++++++++++Net device info+++++++++++++++++++++++++++++++++++++++
[   10.807780] cloud-init[666]: ci-info: +--------+-------+----------------------------+---------------+--------+-------------------+
[   10.809676] cloud-init[666]: ci-info: | Device |   Up  |          Address           |      Mask     | Scope  |     Hw-Address    |
[   10.812278] cloud-init[666]: ci-info: +--------+-------+----------------------------+---------------+--------+-------------------+
[   10.814284] cloud-init[666]: ci-info: | enp0s3 |  True |         10.0.2.15          | 255.255.255.0 | global | 02:2b:21:86:a5:be |
[   10.816306] cloud-init[666]: ci-info: | enp0s3 |  True | fe80::2b:21ff:fe86:a5be/64 |       .       |  link  | 02:2b:21:86:a5:be |
[   10.817790] cloud-init[666]: ci-info: | enp0s8 | False |             .              |       .       |   .    | 08:00:27:6b:d1:f6 |
[   10.819554] cloud-init[666]: ci-info: |   lo   |  True |         127.0.0.1          |   255.0.0.0   |  host  |         .         |
[   10.821394] cloud-init[666]: ci-info: |   lo   |  True |          ::1/128           |       .       |  host  |         .         |
[   10.822899] cloud-init[666]: ci-info: +--------+-------+----------------------------+---------------+--------+-------------------+
[   10.836221] cloud-init[666]: ci-info: ++++++++++++++++++++++++++++Route IPv4 info+++++++++++++++++++++++++++++
[   10.837617] cloud-init[666]: ci-info: +-------+-------------+----------+-----------------+-----------+-------+
[   10.839069] cloud-init[666]: ci-info: | Route | Destination | Gateway  |     Genmask     | Interface | Flags |
[   10.840484] cloud-init[666]: ci-info: +-------+-------------+----------+-----------------+-----------+-------+
[   10.842232] cloud-init[666]: ci-info: |   0   |   0.0.0.0   | 10.0.2.2 |     0.0.0.0     |   enp0s3  |   UG  |
[   10.843540] cloud-init[666]: ci-info: |   1   |   10.0.2.0  | 0.0.0.0  |  255.255.255.0  |   enp0s3  |   U   |
[   10.845692] cloud-init[666]: ci-info: |   2   |   10.0.2.2  | 0.0.0.0  | 255.255.255.255 |   enp0s3  |   UH  |
[   10.847330] cloud-init[666]: ci-info: +-------+-------------+----------+-----------------+-----------+-------+
[   10.848862] cloud-init[666]: ci-info: +++++++++++++++++++Route IPv6 info+++++++++++++++++++
[   10.850311] cloud-init[666]: ci-info: +-------+-------------+---------+-----------+-------+
[   10.851652] cloud-init[666]: ci-info: | Route | Destination | Gateway | Interface | Flags |
[   10.852940] cloud-init[666]: ci-info: +-------+-------------+---------+-----------+-------+
[   10.854226] cloud-init[666]: ci-info: |   1   |  fe80::/64  |    ::   |   enp0s3  |   U   |
[   10.855346] cloud-init[666]: ci-info: |   3   |    local    |    ::   |   enp0s3  |   U   |
[   10.856657] cloud-init[666]: ci-info: |   4   |   ff00::/8  |    ::   |   enp0s3  |   U   |
[   10.857934] cloud-init[666]: ci-info: +-------+-------------+---------+-----------+-------+
[   11.783314] cloud-init[666]: Generating public/private rsa key pair.
[   11.784300] cloud-init[666]: Your identification has been saved in /etc/ssh/ssh_host_rsa_key.
[   11.785445] cloud-init[666]: Your public key has been saved in /etc/ssh/ssh_host_rsa_key.pub.
[   11.786709] cloud-init[666]: The key fingerprint is:
[   11.787441] cloud-init[666]: SHA256:NsbF8FDtnn5Hn51FelbADx8u/dhzgyY94W+klKDMXi8 root@ubuntu-bionic
[   11.788635] cloud-init[666]: The key's randomart image is:
[   11.789507] cloud-init[666]: +---[RSA 2048]----+
[   11.790389] cloud-init[666]: |        o... .   |
[   11.791261] cloud-init[666]: |         =  . +. |
[   11.792670] cloud-init[666]: |          +.  o=.|
[   11.793794] cloud-init[666]: |       . . ..o o=|
[   11.795047] cloud-init[666]: |        S ..+.==o|
[   11.796299] cloud-init[666]: |       o = ooOo+O|
[   11.797005] cloud-init[666]: |        . ..= =+X|
[   11.797616] cloud-init[666]: |         . E.o.=+|
[   11.798259] cloud-init[666]: |            .... |
[   11.798897] cloud-init[666]: +----[SHA256]-----+
[   11.799514] cloud-init[666]: Generating public/private dsa key pair.
[   11.800339] cloud-init[666]: Your identification has been saved in /etc/ssh/ssh_host_dsa_key.
[   11.801459] cloud-init[666]: Your public key has been saved in /etc/ssh/ssh_host_dsa_key.pub.
[   11.802745] cloud-init[666]: The key fingerprint is:
[   11.803568] cloud-init[666]: SHA256:gDSe+B71kZtC2kiErImFyg/4rNfpk7MRcvC0w0WBVl0 root@ubuntu-bionic
[   11.804879] cloud-init[666]: The key's randomart image is:
[   11.805798] cloud-init[666]: +---[DSA 1024]----+
[   11.806518] cloud-init[666]: | o .+o+o .E      |
[   11.807283] cloud-init[666]: |. +=o=  ..       |
[   11.807900] cloud-init[666]: |=+o.* = o        |
[   11.808730] cloud-init[666]: |*o B O o +       |
[   11.809535] cloud-init[666]: | o+ % o S        |
[   11.810312] cloud-init[666]: |  o= + .         |
[   11.811094] cloud-init[666]: | . .oo           |
[   11.811882] cloud-init[666]: |. . *.           |
[   11.812606] cloud-init[666]: | . .o+           |
[   11.813422] cloud-init[666]: +----[SHA256]-----+
[   11.814227] cloud-init[666]: Generating public/private ecdsa key pair.
[   11.815248] cloud-init[666]: Your identification has been saved in /etc/ssh/ssh_host_ecdsa_key.
[   11.826337] cloud-init[666]: Your public key has been saved in /etc/ssh/ssh_host_ecdsa_key.pub.
[   11.827662] cloud-init[666]: The key fingerprint is:
[   11.828485] cloud-init[666]: SHA256:be2ZIdVu9U3+Z4kqP0OWY68NKOGO/raDQc7ZMj2nKKU root@ubuntu-bionic
[   11.829783] cloud-init[666]: The key's randomart image is:
[   11.830621] cloud-init[666]: +---[ECDSA 256]---+
[   11.831278] cloud-init[666]: |                 |
[   11.832106] cloud-init[666]: |             .   |
[   11.832932] cloud-init[666]: |            . . o|
[   11.833689] cloud-init[666]: |     .   . o . +o|
[   11.834304] cloud-init[666]: |    + +.S + + o +|
[   11.835094] cloud-init[666]: |     O.+.o.O =. o|
[   11.835727] cloud-init[666]: |    o *o+.+.*. .+|
[   11.836541] cloud-init[666]: |   E oo+.. o+. ..|
[   11.837302] cloud-init[666]: |    ooo+o o++.   |
[   11.837983] cloud-init[666]: +----[SHA256]-----+
[   11.838779] cloud-init[666]: Generating public/private ed25519 key pair.
[   11.839871] cloud-init[666]: Your identification has been saved in /etc/ssh/ssh_host_ed25519_key.
[   11.841196] cloud-init[666]: Your public key has been saved in /etc/ssh/ssh_host_ed25519_key.pub.
[   11.842546] cloud-init[666]: The key fingerprint is:
[   11.843221] cloud-init[666]: SHA256:7vTEduQlw8tveVyJtf6QtkmwFxENXibuvoKPqOtTpRY root@ubuntu-bionic
[   11.845155] cloud-init[666]: The key's randomart image is:
[   11.846464] cloud-init[666]: +--[ED25519 256]--+
[   11.847623] cloud-init[666]: |              +oo|
[   11.848502] cloud-init[666]: |             o =.|
[   11.849307] cloud-init[666]: |              +  |
[   11.850119] cloud-init[666]: |        E .. . o |
[   11.850905] cloud-init[666]: |        S+  * * o|
[   11.851566] cloud-init[666]: |       .+. + X =.|
[   11.852311] cloud-init[666]: |       oo +.* Oo.|
[   11.853109] cloud-init[666]: |      .o =.o.=o*o|
[   11.853993] cloud-init[666]: |     .++o o..o=.o|
[   11.854660] cloud-init[666]: +----[SHA256]-----+
[[0;32m  OK  [0m] Started Initial cloud-init job (metadata service crawler).
[[0;32m  OK  [0m] Reached target Network is Online.
         Starting Availability of block devices...
[[0;32m  OK  [0m] Reached target Remote File Systems (Pre).
[[0;32m  OK  [0m] Reached target Remote File Systems.
[[0;32m  OK  [0m] Reached target System Initialization.
         Starting LXD - unix socket.
         Starting Socket activation for snappy daemon.
[[0;32m  OK  [0m] Started Daily apt download activities.
[[0;32m  OK  [0m] Started Daily apt upgrade and clean activities.
[[0;32m  OK  [0m] Listening on D-Bus System Message Bus Socket.
[[0;32m  OK  [0m] Started Message of the Day.
[[0;32m  OK  [0m] Started ACPI Events Check.
[[0;32m  OK  [0m] Started Daily Cleanup of Temporary Directories.
[[0;32m  OK  [0m] Listening on UUID daemon activation socket.
[[0;32m  OK  [0m] Listening on Open-iSCSI iscsid Socket.
[[0;32m  OK  [0m] Reached target Paths.
[[0;32m  OK  [0m] Started Discard unused blocks once a week.
[[0;32m  OK  [0m] Reached target Timers.
[[0;32m  OK  [0m] Listening on ACPID Listen Socket.
[[0;32m  OK  [0m] Reached target Cloud-config availability.
[[0;32m  OK  [0m] Started Availability of block devices.
[[0;32m  OK  [0m] Listening on LXD - unix socket.
[[0;32m  OK  [0m] Listening on Socket activation for snappy daemon.
[[0;32m  OK  [0m] Reached target Sockets.
[[0;32m  OK  [0m] Reached target Basic System.
         Starting LSB: Record successful boot for GRUB...
         Starting Dispatcher daemon for systemd-networkd...
[[0;32m  OK  [0m] Started D-Bus System Message Bus.
[[0;32m  OK  [0m] Started FUSE filesystem for LXC.
         Starting Pollinate to seed the pseudo random number generator...
[[0;32m  OK  [0m] Started irqbalance daemon.
         Starting Snappy daemon...
[[0;32m  OK  [0m] Started Deferred execution scheduler.
         Starting Permit User Sessions...
         Starting Virtualbox guest utils...
[[0;32m  OK  [0m] Started Regular background program processing daemon.
         Starting Login Service...
         Starting Accounts Service...
         Starting LSB: automatic crash report generation...
         Starting System Logging Service...
         Starting LXD - container startup/shutdown...
[[0;32m  OK  [0m] Started Permit User Sessions.
         Starting Hold until boot process finishes up...
         Starting Terminate Plymouth Boot Screen...
[[0;32m  OK  [0m] Started Hold until boot process finishes up.
         Starting Set console scheme...
[[0;32m  OK  [0m] Started Serial Getty on ttyS0.
[[0;32m  OK  [0m] Started Terminate Plymouth Boot Screen.
[[0;32m  OK  [0m] Started System Logging Service.
[[0;32m  OK  [0m] Started Set console scheme.
[[0;32m  OK  [0m] Created slice system-getty.slice.
[[0;32m  OK  [0m] Started Getty on tty1.
[[0;32m  OK  [0m] Reached target Login Prompts.
         Starting Authorization Manager...
[[0;32m  OK  [0m] Started LSB: automatic crash report generation.
[[0;32m  OK  [0m] Started Login Service.
[[0;32m  OK  [0m] Started Unattended Upgrades Shutdown.
[[0;32m  OK  [0m] Started Authorization Manager.
[[0;32m  OK  [0m] Started Accounts Service.
[[0;32m  OK  [0m] Started LSB: Record successful boot for GRUB.
[[0;32m  OK  [0m] Started Virtualbox guest utils.
[[0;32m  OK  [0m] Started LXD - container startup/shutdown.
[[0;32m  OK  [0m] Started Dispatcher daemon for systemd-networkd.
[[0;32m  OK  [0m] Started Snappy daemon.
         Starting Wait until snapd is fully seeded...
[[0;32m  OK  [0m] Started Pollinate to seed the pseudo random number generator.
         Starting OpenBSD Secure Shell server...
[[0;32m  OK  [0m] Started OpenBSD Secure Shell server.
[[0;32m  OK  [0m] Created slice User Slice of vagrant.
         Starting User Manager for UID 1000...
[[0;32m  OK  [0m] Started Session 1 of user vagrant.
[[0;32m  OK  [0m] Started User Manager for UID 1000.
[[0;32m  OK  [0m] Started Wait until snapd is fully seeded.
[[0;32m  OK  [0m] Reached target Multi-User System.
[[0;32m  OK  [0m] Reached target Graphical Interface.
         Starting Update UTMP about System Runlevel Changes...
         Starting Apply the settings specified in cloud-config...
[[0;32m  OK  [0m] Started Update UTMP about System Runlevel Changes.
[   15.861044] cloud-init[1155]: Cloud-init v. 19.4-33-gbb4131a2-0ubuntu1~18.04.1 running 'modules:config' at Fri, 08 May 2020 09:22:08 +0000. Up 14.89 seconds.
[[0;32m  OK  [0m] Started Apply the settings specified in cloud-config.
         Starting Execute cloud user/final scripts...
ci-info: no authorized SSH keys fingerprints found for user ubuntu.
<14>May  8 09:22:10 ec2: 
<14>May  8 09:22:10 ec2: #############################################################
<14>May  8 09:22:10 ec2: -----BEGIN SSH HOST KEY FINGERPRINTS-----
<14>May  8 09:22:10 ec2: 1024 SHA256:gDSe+B71kZtC2kiErImFyg/4rNfpk7MRcvC0w0WBVl0 root@ubuntu-bionic (DSA)
<14>May  8 09:22:10 ec2: 256 SHA256:be2ZIdVu9U3+Z4kqP0OWY68NKOGO/raDQc7ZMj2nKKU root@ubuntu-bionic (ECDSA)
<14>May  8 09:22:10 ec2: 256 SHA256:7vTEduQlw8tveVyJtf6QtkmwFxENXibuvoKPqOtTpRY root@ubuntu-bionic (ED25519)
<14>May  8 09:22:10 ec2: 2048 SHA256:NsbF8FDtnn5Hn51FelbADx8u/dhzgyY94W+klKDMXi8 root@ubuntu-bionic (RSA)
<14>May  8 09:22:10 ec2: -----END SSH HOST KEY FINGERPRINTS-----
<14>May  8 09:22:10 ec2: #############################################################
-----BEGIN SSH HOST KEY KEYS-----
ecdsa-sha2-nistp256 AAAAE2VjZHNhLXNoYTItbmlzdHAyNTYAAAAIbmlzdHAyNTYAAABBBN3vLNTr/p4+4AXfzotvEbMdJE9tmAdTqk4APVDACsjJZE3sqbZw8YT4TrSgiXE/hhK3UsmcPQyuwUPigcLDIyw= root@ubuntu-bionic
ssh-ed25519 AAAAC3NzaC1lZDI1NTE5AAAAIFOHKSAS8YUxko4JeruQ1inrwk9rvLA2zxMqUYwsOXz3 root@ubuntu-bionic
ssh-rsa AAAAB3NzaC1yc2EAAAADAQABAAABAQC5jiBsPcHmWoEwAe9/1MmqEKgF6WBtp0KKWz/em2AAFaCQ2AbA9kzCuuAiA/8E6Ftl5DO8QFChzE3fsPd+IhbWLWKj2Y1dZcK11TRNQnVhnqxRqNbVZeMQTIMye/tI8fNf3933U3D1irobynVggBdjKoGRf5Dg9FeHvTv17724LvhLlfIqbE5uH6aNO4oxyYn5+7TVdxNAhDTTrXkjPre2D+2/B/8/qSDuituHLFfzSBVAkHvApNLbXOI6UTnah1Nzphzk5Xhx2IKQlP2YhDhxQ8FJZm4azRp4i8omDgqj2BJAZnYvX4INV8VBUTJnEhEYe8sj9lSA00WoEa4X07f/ root@ubuntu-bionic
-----END SSH HOST KEY KEYS-----
[   16.883757] cloud-init[1237]: Cloud-init v. 19.4-33-gbb4131a2-0ubuntu1~18.04.1 running 'modules:final' at Fri, 08 May 2020 09:22:10 +0000. Up 16.63 seconds.
[   16.886554] cloud-init[1237]: ci-info: no authorized SSH keys fingerprints found for user ubuntu.
[   16.888566] cloud-init[1237]: Cloud-init v. 19.4-33-gbb4131a2-0ubuntu1~18.04.1 finished at Fri, 08 May 2020 09:22:10 +0000. Datasource DataSourceNoCloud [seed=/dev/sdb][dsmode=net].  Up 16.87 seconds
[[0;32m  OK  [0m] Started Execute cloud user/final scripts.
[[0;32m  OK  [0m] Reached target Cloud-init target.

Ubuntu 18.04.4 LTS ubuntu-bionic ttyS0

ubuntu-bionic login: 